Archive member included to satisfy reference by file (symbol)

e:/atmel studio setup/7.0/toolchain/avr8/avr8-gnu-toolchain/bin/../lib/gcc/avr/5.4.0/avr5\libgcc.a(_exit.o)
                              E:/atmel studio setup/7.0/Packs/atmel/ATmega_DFP/1.2.150/gcc/dev/atmega32/avr5/crtatmega32.o (exit)
e:/atmel studio setup/7.0/toolchain/avr8/avr8-gnu-toolchain/bin/../lib/gcc/avr/5.4.0/avr5\libgcc.a(_tablejump2.o)
                              get_pressed_key.o (__tablejump2__)
e:/atmel studio setup/7.0/toolchain/avr8/avr8-gnu-toolchain/bin/../lib/gcc/avr/5.4.0/avr5\libgcc.a(_copy_data.o)
                              CLK.o (__do_copy_data)
e:/atmel studio setup/7.0/toolchain/avr8/avr8-gnu-toolchain/bin/../lib/gcc/avr/5.4.0/avr5\libgcc.a(_clear_bss.o)
                              CLK.o (__do_clear_bss)
e:/atmel studio setup/7.0/toolchain/avr8/avr8-gnu-toolchain/bin/../lib/gcc/avr/5.4.0/../../../../avr/lib/avr5\libc.a(itoa_ncheck.o)
                              CLK.o (__itoa_ncheck)
e:/atmel studio setup/7.0/toolchain/avr8/avr8-gnu-toolchain/bin/../lib/gcc/avr/5.4.0/../../../../avr/lib/avr5\libc.a(utoa_ncheck.o)
                              e:/atmel studio setup/7.0/toolchain/avr8/avr8-gnu-toolchain/bin/../lib/gcc/avr/5.4.0/../../../../avr/lib/avr5\libc.a(itoa_ncheck.o) (__utoa_common)
e:/atmel studio setup/7.0/toolchain/avr8/avr8-gnu-toolchain/bin/../lib/gcc/avr/5.4.0/../../../../avr/lib/avr5\libc.a(strrev.o)
                              e:/atmel studio setup/7.0/toolchain/avr8/avr8-gnu-toolchain/bin/../lib/gcc/avr/5.4.0/../../../../avr/lib/avr5\libc.a(utoa_ncheck.o) (strrev)

Discarded input sections

 .data          0x00000000        0x0 E:/atmel studio setup/7.0/Packs/atmel/ATmega_DFP/1.2.150/gcc/dev/atmega32/avr5/crtatmega32.o
 .bss           0x00000000        0x0 E:/atmel studio setup/7.0/Packs/atmel/ATmega_DFP/1.2.150/gcc/dev/atmega32/avr5/crtatmega32.o
 .text          0x00000000        0x0 CLK.o
 .data          0x00000000        0x0 CLK.o
 .bss           0x00000000        0x0 CLK.o
 .text          0x00000000        0x0 EXTI_FUNC.o
 .data          0x00000000        0x0 EXTI_FUNC.o
 .bss           0x00000000        0x0 EXTI_FUNC.o
 .text.EXTI_VoidDisable
                0x00000000       0x24 EXTI_FUNC.o
 .text.EXTI_VoidSetCallBackINT0
                0x00000000        0xe EXTI_FUNC.o
 .text.EXTI_VoidSetCallBackINT2
                0x00000000        0xe EXTI_FUNC.o
 .text          0x00000000        0x0 get_pressed_key.o
 .data          0x00000000        0x0 get_pressed_key.o
 .bss           0x00000000        0x0 get_pressed_key.o
 .text          0x00000000        0x0 GI_FUNC.o
 .data          0x00000000        0x0 GI_FUNC.o
 .bss           0x00000000        0x0 GI_FUNC.o
 .text.GI_VoidDisable
                0x00000000        0x8 GI_FUNC.o
 .text          0x00000000        0x0 LCD_LIB.o
 .data          0x00000000        0x0 LCD_LIB.o
 .bss           0x00000000        0x0 LCD_LIB.o
 .text          0x00000000        0x0 main.o
 .data          0x00000000        0x0 main.o
 .bss           0x00000000        0x0 main.o
 .text          0x00000000        0x0 SEVENSEGMENT.o
 .data          0x00000000        0x0 SEVENSEGMENT.o
 .bss           0x00000000        0x0 SEVENSEGMENT.o
 .data.pattern  0x00000000        0xa SEVENSEGMENT.o
 .text          0x00000000        0x0 TMR0_program.o
 .data          0x00000000        0x0 TMR0_program.o
 .bss           0x00000000        0x0 TMR0_program.o
 .text.TMR0_voidStop
                0x00000000       0x14 TMR0_program.o
 .text.TMR0_voidSetCompareMatchValue
                0x00000000        0x4 TMR0_program.o
 .text.TMR0_voidSetDytyCycleFastPWM
                0x00000000        0x2 TMR0_program.o
 .text.TMR0_voidSetCallBackOVF
                0x00000000        0xe TMR0_program.o
 .text          0x00000000        0x0 e:/atmel studio setup/7.0/toolchain/avr8/avr8-gnu-toolchain/bin/../lib/gcc/avr/5.4.0/avr5\libgcc.a(_exit.o)
 .data          0x00000000        0x0 e:/atmel studio setup/7.0/toolchain/avr8/avr8-gnu-toolchain/bin/../lib/gcc/avr/5.4.0/avr5\libgcc.a(_exit.o)
 .bss           0x00000000        0x0 e:/atmel studio setup/7.0/toolchain/avr8/avr8-gnu-toolchain/bin/../lib/gcc/avr/5.4.0/avr5\libgcc.a(_exit.o)
 .text.libgcc.mul
                0x00000000        0x0 e:/atmel studio setup/7.0/toolchain/avr8/avr8-gnu-toolchain/bin/../lib/gcc/avr/5.4.0/avr5\libgcc.a(_exit.o)
 .text.libgcc.div
                0x00000000        0x0 e:/atmel studio setup/7.0/toolchain/avr8/avr8-gnu-toolchain/bin/../lib/gcc/avr/5.4.0/avr5\libgcc.a(_exit.o)
 .text.libgcc   0x00000000        0x0 e:/atmel studio setup/7.0/toolchain/avr8/avr8-gnu-toolchain/bin/../lib/gcc/avr/5.4.0/avr5\libgcc.a(_exit.o)
 .text.libgcc.prologue
                0x00000000        0x0 e:/atmel studio setup/7.0/toolchain/avr8/avr8-gnu-toolchain/bin/../lib/gcc/avr/5.4.0/avr5\libgcc.a(_exit.o)
 .text.libgcc.builtins
                0x00000000        0x0 e:/atmel studio setup/7.0/toolchain/avr8/avr8-gnu-toolchain/bin/../lib/gcc/avr/5.4.0/avr5\libgcc.a(_exit.o)
 .text.libgcc.fmul
                0x00000000        0x0 e:/atmel studio setup/7.0/toolchain/avr8/avr8-gnu-toolchain/bin/../lib/gcc/avr/5.4.0/avr5\libgcc.a(_exit.o)
 .text.libgcc.fixed
                0x00000000        0x0 e:/atmel studio setup/7.0/toolchain/avr8/avr8-gnu-toolchain/bin/../lib/gcc/avr/5.4.0/avr5\libgcc.a(_exit.o)
 .text          0x00000000        0x0 e:/atmel studio setup/7.0/toolchain/avr8/avr8-gnu-toolchain/bin/../lib/gcc/avr/5.4.0/avr5\libgcc.a(_tablejump2.o)
 .data          0x00000000        0x0 e:/atmel studio setup/7.0/toolchain/avr8/avr8-gnu-toolchain/bin/../lib/gcc/avr/5.4.0/avr5\libgcc.a(_tablejump2.o)
 .bss           0x00000000        0x0 e:/atmel studio setup/7.0/toolchain/avr8/avr8-gnu-toolchain/bin/../lib/gcc/avr/5.4.0/avr5\libgcc.a(_tablejump2.o)
 .text.libgcc.mul
                0x00000000        0x0 e:/atmel studio setup/7.0/toolchain/avr8/avr8-gnu-toolchain/bin/../lib/gcc/avr/5.4.0/avr5\libgcc.a(_tablejump2.o)
 .text.libgcc.div
                0x00000000        0x0 e:/atmel studio setup/7.0/toolchain/avr8/avr8-gnu-toolchain/bin/../lib/gcc/avr/5.4.0/avr5\libgcc.a(_tablejump2.o)
 .text.libgcc.prologue
                0x00000000        0x0 e:/atmel studio setup/7.0/toolchain/avr8/avr8-gnu-toolchain/bin/../lib/gcc/avr/5.4.0/avr5\libgcc.a(_tablejump2.o)
 .text.libgcc.builtins
                0x00000000        0x0 e:/atmel studio setup/7.0/toolchain/avr8/avr8-gnu-toolchain/bin/../lib/gcc/avr/5.4.0/avr5\libgcc.a(_tablejump2.o)
 .text.libgcc.fmul
                0x00000000        0x0 e:/atmel studio setup/7.0/toolchain/avr8/avr8-gnu-toolchain/bin/../lib/gcc/avr/5.4.0/avr5\libgcc.a(_tablejump2.o)
 .text.libgcc.fixed
                0x00000000        0x0 e:/atmel studio setup/7.0/toolchain/avr8/avr8-gnu-toolchain/bin/../lib/gcc/avr/5.4.0/avr5\libgcc.a(_tablejump2.o)
 .text          0x00000000        0x0 e:/atmel studio setup/7.0/toolchain/avr8/avr8-gnu-toolchain/bin/../lib/gcc/avr/5.4.0/avr5\libgcc.a(_copy_data.o)
 .data          0x00000000        0x0 e:/atmel studio setup/7.0/toolchain/avr8/avr8-gnu-toolchain/bin/../lib/gcc/avr/5.4.0/avr5\libgcc.a(_copy_data.o)
 .bss           0x00000000        0x0 e:/atmel studio setup/7.0/toolchain/avr8/avr8-gnu-toolchain/bin/../lib/gcc/avr/5.4.0/avr5\libgcc.a(_copy_data.o)
 .text.libgcc.mul
                0x00000000        0x0 e:/atmel studio setup/7.0/toolchain/avr8/avr8-gnu-toolchain/bin/../lib/gcc/avr/5.4.0/avr5\libgcc.a(_copy_data.o)
 .text.libgcc.div
                0x00000000        0x0 e:/atmel studio setup/7.0/toolchain/avr8/avr8-gnu-toolchain/bin/../lib/gcc/avr/5.4.0/avr5\libgcc.a(_copy_data.o)
 .text.libgcc   0x00000000        0x0 e:/atmel studio setup/7.0/toolchain/avr8/avr8-gnu-toolchain/bin/../lib/gcc/avr/5.4.0/avr5\libgcc.a(_copy_data.o)
 .text.libgcc.prologue
                0x00000000        0x0 e:/atmel studio setup/7.0/toolchain/avr8/avr8-gnu-toolchain/bin/../lib/gcc/avr/5.4.0/avr5\libgcc.a(_copy_data.o)
 .text.libgcc.builtins
                0x00000000        0x0 e:/atmel studio setup/7.0/toolchain/avr8/avr8-gnu-toolchain/bin/../lib/gcc/avr/5.4.0/avr5\libgcc.a(_copy_data.o)
 .text.libgcc.fmul
                0x00000000        0x0 e:/atmel studio setup/7.0/toolchain/avr8/avr8-gnu-toolchain/bin/../lib/gcc/avr/5.4.0/avr5\libgcc.a(_copy_data.o)
 .text.libgcc.fixed
                0x00000000        0x0 e:/atmel studio setup/7.0/toolchain/avr8/avr8-gnu-toolchain/bin/../lib/gcc/avr/5.4.0/avr5\libgcc.a(_copy_data.o)
 .text          0x00000000        0x0 e:/atmel studio setup/7.0/toolchain/avr8/avr8-gnu-toolchain/bin/../lib/gcc/avr/5.4.0/avr5\libgcc.a(_clear_bss.o)
 .data          0x00000000        0x0 e:/atmel studio setup/7.0/toolchain/avr8/avr8-gnu-toolchain/bin/../lib/gcc/avr/5.4.0/avr5\libgcc.a(_clear_bss.o)
 .bss           0x00000000        0x0 e:/atmel studio setup/7.0/toolchain/avr8/avr8-gnu-toolchain/bin/../lib/gcc/avr/5.4.0/avr5\libgcc.a(_clear_bss.o)
 .text.libgcc.mul
                0x00000000        0x0 e:/atmel studio setup/7.0/toolchain/avr8/avr8-gnu-toolchain/bin/../lib/gcc/avr/5.4.0/avr5\libgcc.a(_clear_bss.o)
 .text.libgcc.div
                0x00000000        0x0 e:/atmel studio setup/7.0/toolchain/avr8/avr8-gnu-toolchain/bin/../lib/gcc/avr/5.4.0/avr5\libgcc.a(_clear_bss.o)
 .text.libgcc   0x00000000        0x0 e:/atmel studio setup/7.0/toolchain/avr8/avr8-gnu-toolchain/bin/../lib/gcc/avr/5.4.0/avr5\libgcc.a(_clear_bss.o)
 .text.libgcc.prologue
                0x00000000        0x0 e:/atmel studio setup/7.0/toolchain/avr8/avr8-gnu-toolchain/bin/../lib/gcc/avr/5.4.0/avr5\libgcc.a(_clear_bss.o)
 .text.libgcc.builtins
                0x00000000        0x0 e:/atmel studio setup/7.0/toolchain/avr8/avr8-gnu-toolchain/bin/../lib/gcc/avr/5.4.0/avr5\libgcc.a(_clear_bss.o)
 .text.libgcc.fmul
                0x00000000        0x0 e:/atmel studio setup/7.0/toolchain/avr8/avr8-gnu-toolchain/bin/../lib/gcc/avr/5.4.0/avr5\libgcc.a(_clear_bss.o)
 .text.libgcc.fixed
                0x00000000        0x0 e:/atmel studio setup/7.0/toolchain/avr8/avr8-gnu-toolchain/bin/../lib/gcc/avr/5.4.0/avr5\libgcc.a(_clear_bss.o)
 .text          0x00000000        0x0 e:/atmel studio setup/7.0/toolchain/avr8/avr8-gnu-toolchain/bin/../lib/gcc/avr/5.4.0/../../../../avr/lib/avr5\libc.a(itoa_ncheck.o)
 .data          0x00000000        0x0 e:/atmel studio setup/7.0/toolchain/avr8/avr8-gnu-toolchain/bin/../lib/gcc/avr/5.4.0/../../../../avr/lib/avr5\libc.a(itoa_ncheck.o)
 .bss           0x00000000        0x0 e:/atmel studio setup/7.0/toolchain/avr8/avr8-gnu-toolchain/bin/../lib/gcc/avr/5.4.0/../../../../avr/lib/avr5\libc.a(itoa_ncheck.o)
 .text          0x00000000        0x0 e:/atmel studio setup/7.0/toolchain/avr8/avr8-gnu-toolchain/bin/../lib/gcc/avr/5.4.0/../../../../avr/lib/avr5\libc.a(utoa_ncheck.o)
 .data          0x00000000        0x0 e:/atmel studio setup/7.0/toolchain/avr8/avr8-gnu-toolchain/bin/../lib/gcc/avr/5.4.0/../../../../avr/lib/avr5\libc.a(utoa_ncheck.o)
 .bss           0x00000000        0x0 e:/atmel studio setup/7.0/toolchain/avr8/avr8-gnu-toolchain/bin/../lib/gcc/avr/5.4.0/../../../../avr/lib/avr5\libc.a(utoa_ncheck.o)
 .text          0x00000000        0x0 e:/atmel studio setup/7.0/toolchain/avr8/avr8-gnu-toolchain/bin/../lib/gcc/avr/5.4.0/../../../../avr/lib/avr5\libc.a(strrev.o)
 .data          0x00000000        0x0 e:/atmel studio setup/7.0/toolchain/avr8/avr8-gnu-toolchain/bin/../lib/gcc/avr/5.4.0/../../../../avr/lib/avr5\libc.a(strrev.o)
 .bss           0x00000000        0x0 e:/atmel studio setup/7.0/toolchain/avr8/avr8-gnu-toolchain/bin/../lib/gcc/avr/5.4.0/../../../../avr/lib/avr5\libc.a(strrev.o)

Memory Configuration

Name             Origin             Length             Attributes
text             0x00000000         0x00020000         xr
data             0x00800060         0x0000ffa0         rw !x
eeprom           0x00810000         0x00010000         rw !x
fuse             0x00820000         0x00000002         rw !x
lock             0x00830000         0x00000400         rw !x
signature        0x00840000         0x00000400         rw !x
user_signatures  0x00850000         0x00000400         rw !x
*default*        0x00000000         0xffffffff

Linker script and memory map

LOAD E:/atmel studio setup/7.0/Packs/atmel/ATmega_DFP/1.2.150/gcc/dev/atmega32/avr5/crtatmega32.o
LOAD CLK.o
LOAD EXTI_FUNC.o
LOAD get_pressed_key.o
LOAD GI_FUNC.o
LOAD LCD_LIB.o
LOAD main.o
LOAD SEVENSEGMENT.o
LOAD TMR0_program.o
START GROUP
LOAD e:/atmel studio setup/7.0/toolchain/avr8/avr8-gnu-toolchain/bin/../lib/gcc/avr/5.4.0/../../../../avr/lib/avr5\libm.a
END GROUP
START GROUP
LOAD e:/atmel studio setup/7.0/toolchain/avr8/avr8-gnu-toolchain/bin/../lib/gcc/avr/5.4.0/avr5\libgcc.a
LOAD e:/atmel studio setup/7.0/toolchain/avr8/avr8-gnu-toolchain/bin/../lib/gcc/avr/5.4.0/../../../../avr/lib/avr5\libm.a
LOAD e:/atmel studio setup/7.0/toolchain/avr8/avr8-gnu-toolchain/bin/../lib/gcc/avr/5.4.0/../../../../avr/lib/avr5\libc.a
LOAD E:/atmel studio setup/7.0/Packs/atmel/ATmega_DFP/1.2.150/gcc/dev/atmega32/avr5\libatmega32.a
END GROUP
                0x00020000                __TEXT_REGION_LENGTH__ = DEFINED (__TEXT_REGION_LENGTH__)?__TEXT_REGION_LENGTH__:0x20000
                0x0000ffa0                __DATA_REGION_LENGTH__ = DEFINED (__DATA_REGION_LENGTH__)?__DATA_REGION_LENGTH__:0xffa0
                0x00010000                __EEPROM_REGION_LENGTH__ = DEFINED (__EEPROM_REGION_LENGTH__)?__EEPROM_REGION_LENGTH__:0x10000
                [0x00000002]                __FUSE_REGION_LENGTH__ = DEFINED (__FUSE_REGION_LENGTH__)?__FUSE_REGION_LENGTH__:0x400
                0x00000400                __LOCK_REGION_LENGTH__ = DEFINED (__LOCK_REGION_LENGTH__)?__LOCK_REGION_LENGTH__:0x400
                0x00000400                __SIGNATURE_REGION_LENGTH__ = DEFINED (__SIGNATURE_REGION_LENGTH__)?__SIGNATURE_REGION_LENGTH__:0x400
                0x00000400                __USER_SIGNATURE_REGION_LENGTH__ = DEFINED (__USER_SIGNATURE_REGION_LENGTH__)?__USER_SIGNATURE_REGION_LENGTH__:0x400

.hash
 *(.hash)

.dynsym
 *(.dynsym)

.dynstr
 *(.dynstr)

.gnu.version
 *(.gnu.version)

.gnu.version_d
 *(.gnu.version_d)

.gnu.version_r
 *(.gnu.version_r)

.rel.init
 *(.rel.init)

.rela.init
 *(.rela.init)

.rel.text
 *(.rel.text)
 *(.rel.text.*)
 *(.rel.gnu.linkonce.t*)

.rela.text
 *(.rela.text)
 *(.rela.text.*)
 *(.rela.gnu.linkonce.t*)

.rel.fini
 *(.rel.fini)

.rela.fini
 *(.rela.fini)

.rel.rodata
 *(.rel.rodata)
 *(.rel.rodata.*)
 *(.rel.gnu.linkonce.r*)

.rela.rodata
 *(.rela.rodata)
 *(.rela.rodata.*)
 *(.rela.gnu.linkonce.r*)

.rel.data
 *(.rel.data)
 *(.rel.data.*)
 *(.rel.gnu.linkonce.d*)

.rela.data
 *(.rela.data)
 *(.rela.data.*)
 *(.rela.gnu.linkonce.d*)

.rel.ctors
 *(.rel.ctors)

.rela.ctors
 *(.rela.ctors)

.rel.dtors
 *(.rel.dtors)

.rela.dtors
 *(.rela.dtors)

.rel.got
 *(.rel.got)

.rela.got
 *(.rela.got)

.rel.bss
 *(.rel.bss)

.rela.bss
 *(.rela.bss)

.rel.plt
 *(.rel.plt)

.rela.plt
 *(.rela.plt)

.text           0x00000000      0xbd2
 *(.vectors)
 .vectors       0x00000000       0x54 E:/atmel studio setup/7.0/Packs/atmel/ATmega_DFP/1.2.150/gcc/dev/atmega32/avr5/crtatmega32.o
                0x00000000                __vector_default
                0x00000000                __vectors
 *(.vectors)
 *(.progmem.gcc*)
 .progmem.gcc_sw_table.Key_configuration
                0x00000054       0x20 get_pressed_key.o
                0x00000074                . = ALIGN (0x2)
                0x00000074                __trampolines_start = .
 *(.trampolines)
 .trampolines   0x00000074        0x0 linker stubs
 *(.trampolines*)
                0x00000074                __trampolines_end = .
 *libprintf_flt.a:*(.progmem.data)
 *libc.a:*(.progmem.data)
 *(.progmem*)
                0x00000074                . = ALIGN (0x2)
 *(.jumptables)
 *(.jumptables*)
 *(.lowtext)
 *(.lowtext*)
                0x00000074                __ctors_start = .
 *(.ctors)
                0x00000074                __ctors_end = .
                0x00000074                __dtors_start = .
 *(.dtors)
                0x00000074                __dtors_end = .
 SORT(*)(.ctors)
 SORT(*)(.dtors)
 *(.init0)
 .init0         0x00000074        0x0 E:/atmel studio setup/7.0/Packs/atmel/ATmega_DFP/1.2.150/gcc/dev/atmega32/avr5/crtatmega32.o
                0x00000074                __init
 *(.init0)
 *(.init1)
 *(.init1)
 *(.init2)
 .init2         0x00000074        0xc E:/atmel studio setup/7.0/Packs/atmel/ATmega_DFP/1.2.150/gcc/dev/atmega32/avr5/crtatmega32.o
 *(.init2)
 *(.init3)
 *(.init3)
 *(.init4)
 .init4         0x00000080       0x16 e:/atmel studio setup/7.0/toolchain/avr8/avr8-gnu-toolchain/bin/../lib/gcc/avr/5.4.0/avr5\libgcc.a(_copy_data.o)
                0x00000080                __do_copy_data
 .init4         0x00000096       0x10 e:/atmel studio setup/7.0/toolchain/avr8/avr8-gnu-toolchain/bin/../lib/gcc/avr/5.4.0/avr5\libgcc.a(_clear_bss.o)
                0x00000096                __do_clear_bss
 *(.init4)
 *(.init5)
 *(.init5)
 *(.init6)
 *(.init6)
 *(.init7)
 *(.init7)
 *(.init8)
 *(.init8)
 *(.init9)
 .init9         0x000000a6        0x8 E:/atmel studio setup/7.0/Packs/atmel/ATmega_DFP/1.2.150/gcc/dev/atmega32/avr5/crtatmega32.o
 *(.init9)
 *(.text)
 .text          0x000000ae        0x4 E:/atmel studio setup/7.0/Packs/atmel/ATmega_DFP/1.2.150/gcc/dev/atmega32/avr5/crtatmega32.o
                0x000000ae                __vector_12
                0x000000ae                __bad_interrupt
                0x000000ae                __vector_6
                0x000000ae                __vector_13
                0x000000ae                __vector_17
                0x000000ae                __vector_19
                0x000000ae                __vector_7
                0x000000ae                __vector_5
                0x000000ae                __vector_4
                0x000000ae                __vector_9
                0x000000ae                __vector_15
                0x000000ae                __vector_8
                0x000000ae                __vector_14
                0x000000ae                __vector_16
                0x000000ae                __vector_18
                0x000000ae                __vector_20
                0x000000b2                . = ALIGN (0x2)
 *(.text.*)
 .text.Mode_Select
                0x000000b2       0x18 CLK.o
                0x000000b2                Mode_Select
 .text.Set_Clock
                0x000000ca       0xaa CLK.o
                0x000000ca                Set_Clock
 .text.Set_StopWatch
                0x00000174       0xaa CLK.o
                0x00000174                Set_StopWatch
 .text.Start_Clock
                0x0000021e       0xbe CLK.o
                0x0000021e                Start_Clock
 .text.Clock_Write
                0x000002dc       0x38 CLK.o
                0x000002dc                Clock_Write
 .text.StopWatch_Write
                0x00000314       0x38 CLK.o
                0x00000314                StopWatch_Write
 .text.Set_Alarm
                0x0000034c      0x15c CLK.o
                0x0000034c                Set_Alarm
 .text.Alarm_Ringtone
                0x000004a8       0x58 CLK.o
                0x000004a8                Alarm_Ringtone
 .text.Mode_Manage
                0x00000500       0xbc CLK.o
                0x00000500                Mode_Manage
 .text.EXTI_VoidEnable
                0x000005bc       0xca EXTI_FUNC.o
                0x000005bc                EXTI_VoidEnable
 .text.EXTI_VoidSetCallBackINT1
                0x00000686        0xe EXTI_FUNC.o
                0x00000686                EXTI_VoidSetCallBackINT1
 .text.__vector_1
                0x00000694       0x52 EXTI_FUNC.o
                0x00000694                __vector_1
 .text.__vector_2
                0x000006e6       0x52 EXTI_FUNC.o
                0x000006e6                __vector_2
 .text.__vector_3
                0x00000738       0x52 EXTI_FUNC.o
                0x00000738                __vector_3
 .text.Key_configuration
                0x0000078a       0x56 get_pressed_key.o
                0x0000078a                Key_configuration
 .text.Get_Pressed_key
                0x000007e0       0xa2 get_pressed_key.o
                0x000007e0                Get_Pressed_key
 .text.GI_VoidEnable
                0x00000882        0x8 GI_FUNC.o
                0x00000882                GI_VoidEnable
 .text.LCD_Command
                0x0000088a       0x52 LCD_LIB.o
                0x0000088a                LCD_Command
 .text.LCD_Init
                0x000008dc       0x32 LCD_LIB.o
                0x000008dc                LCD_Init
 .text.LCD_Char
                0x0000090e       0x52 LCD_LIB.o
                0x0000090e                LCD_Char
 .text.LCD_String
                0x00000960       0x2a LCD_LIB.o
                0x00000960                LCD_String
 .text.main     0x0000098a       0x26 main.o
                0x0000098a                main
 .text.Seg_Write
                0x000009b0       0x3e SEVENSEGMENT.o
                0x000009b0                Seg_Write
 .text.Seg_Display
                0x000009ee       0x38 SEVENSEGMENT.o
                0x000009ee                Seg_Display
 .text.TMR0_voidInit
                0x00000a26       0x14 TMR0_program.o
                0x00000a26                TMR0_voidInit
 .text.TMR0_voidStart
                0x00000a3a       0x14 TMR0_program.o
                0x00000a3a                TMR0_voidStart
 .text.TMR0_voidetDelay_ms_usingCTC
                0x00000a4e        0xe TMR0_program.o
                0x00000a4e                TMR0_voidetDelay_ms_usingCTC
 .text.TMR0_voidSetCallBackCTC
                0x00000a5c        0xe TMR0_program.o
                0x00000a5c                TMR0_voidSetCallBackCTC
 .text.__vector_11
                0x00000a6a       0x74 TMR0_program.o
                0x00000a6a                __vector_11
 .text.__vector_10
                0x00000ade       0x7a TMR0_program.o
                0x00000ade                __vector_10
 .text.libgcc   0x00000b58        0xc e:/atmel studio setup/7.0/toolchain/avr8/avr8-gnu-toolchain/bin/../lib/gcc/avr/5.4.0/avr5\libgcc.a(_tablejump2.o)
                0x00000b58                __tablejump2__
 .text.avr-libc
                0x00000b64       0x16 e:/atmel studio setup/7.0/toolchain/avr8/avr8-gnu-toolchain/bin/../lib/gcc/avr/5.4.0/../../../../avr/lib/avr5\libc.a(itoa_ncheck.o)
                0x00000b64                __itoa_ncheck
 .text.avr-libc
                0x00000b7a       0x34 e:/atmel studio setup/7.0/toolchain/avr8/avr8-gnu-toolchain/bin/../lib/gcc/avr/5.4.0/../../../../avr/lib/avr5\libc.a(utoa_ncheck.o)
                0x00000b7a                __utoa_ncheck
                0x00000b7c                __utoa_common
 .text.avr-libc
                0x00000bae       0x20 e:/atmel studio setup/7.0/toolchain/avr8/avr8-gnu-toolchain/bin/../lib/gcc/avr/5.4.0/../../../../avr/lib/avr5\libc.a(strrev.o)
                0x00000bae                strrev
                0x00000bce                . = ALIGN (0x2)
 *(.fini9)
 .fini9         0x00000bce        0x0 e:/atmel studio setup/7.0/toolchain/avr8/avr8-gnu-toolchain/bin/../lib/gcc/avr/5.4.0/avr5\libgcc.a(_exit.o)
                0x00000bce                _exit
                0x00000bce                exit
 *(.fini9)
 *(.fini8)
 *(.fini8)
 *(.fini7)
 *(.fini7)
 *(.fini6)
 *(.fini6)
 *(.fini5)
 *(.fini5)
 *(.fini4)
 *(.fini4)
 *(.fini3)
 *(.fini3)
 *(.fini2)
 *(.fini2)
 *(.fini1)
 *(.fini1)
 *(.fini0)
 .fini0         0x00000bce        0x4 e:/atmel studio setup/7.0/toolchain/avr8/avr8-gnu-toolchain/bin/../lib/gcc/avr/5.4.0/avr5\libgcc.a(_exit.o)
 *(.fini0)
                0x00000bd2                _etext = .

.data           0x00800060       0x58 load address 0x00000bd2
                0x00800060                PROVIDE (__data_start, .)
 *(.data)
 *(.data*)
 *(.gnu.linkonce.d*)
 *(.rodata)
 *(.rodata*)
 .rodata.str1.1
                0x00800060       0x58 CLK.o
 *(.gnu.linkonce.r*)
                0x008000b8                . = ALIGN (0x2)
                0x008000b8                _edata = .
                0x008000b8                PROVIDE (__data_end, .)

.bss            0x008000b8       0x1d
                0x008000b8                PROVIDE (__bss_start, .)
 *(.bss)
 *(.bss*)
 .bss.mode      0x008000b8        0x1 CLK.o
 .bss.stop_l    0x008000b9        0x1 CLK.o
 .bss.stop_k    0x008000ba        0x1 CLK.o
 .bss.stop_j    0x008000bb        0x1 CLK.o
 .bss.stop_i    0x008000bc        0x1 CLK.o
 .bss.alarm_l   0x008000bd        0x1 CLK.o
 .bss.alarm_k   0x008000be        0x1 CLK.o
 .bss.alarm_j   0x008000bf        0x1 CLK.o
 .bss.alarm_i   0x008000c0        0x1 CLK.o
 .bss.l         0x008000c1        0x1 CLK.o
 .bss.k         0x008000c2        0x1 CLK.o
 .bss.j         0x008000c3        0x1 CLK.o
 .bss.i         0x008000c4        0x1 CLK.o
 .bss.EXTI_pCallBackINT2
                0x008000c5        0x2 EXTI_FUNC.o
 .bss.EXTI_pCallBackINT1
                0x008000c7        0x2 EXTI_FUNC.o
 .bss.EXTI_pCallBackINT0
                0x008000c9        0x2 EXTI_FUNC.o
 .bss.ctcCounter.1636
                0x008000cb        0x2 TMR0_program.o
 .bss.ovfCounter.1630
                0x008000cd        0x2 TMR0_program.o
 .bss.private_ctcCounter
                0x008000cf        0x2 TMR0_program.o
 .bss.private_pCallBackCTC
                0x008000d1        0x2 TMR0_program.o
 .bss.private_pCallBackOVF
                0x008000d3        0x2 TMR0_program.o
 *(COMMON)
                0x008000d5                PROVIDE (__bss_end, .)
                0x00000bd2                __data_load_start = LOADADDR (.data)
                0x00000c2a                __data_load_end = (__data_load_start + SIZEOF (.data))

.noinit         0x008000d5        0x0
                [!provide]                PROVIDE (__noinit_start, .)
 *(.noinit*)
                [!provide]                PROVIDE (__noinit_end, .)
                0x008000d5                _end = .
                [!provide]                PROVIDE (__heap_start, .)

.eeprom         0x00810000        0x0
 *(.eeprom*)
                0x00810000                __eeprom_end = .

.fuse
 *(.fuse)
 *(.lfuse)
 *(.hfuse)
 *(.efuse)

.lock
 *(.lock*)

.signature
 *(.signature*)

.user_signatures
 *(.user_signatures*)

.stab
 *(.stab)

.stabstr
 *(.stabstr)

.stab.excl
 *(.stab.excl)

.stab.exclstr
 *(.stab.exclstr)

.stab.index
 *(.stab.index)

.stab.indexstr
 *(.stab.indexstr)

.comment        0x00000000       0x30
 *(.comment)
 .comment       0x00000000       0x30 CLK.o
                                 0x31 (size before relaxing)
 .comment       0x00000030       0x31 EXTI_FUNC.o
 .comment       0x00000030       0x31 get_pressed_key.o
 .comment       0x00000030       0x31 GI_FUNC.o
 .comment       0x00000030       0x31 LCD_LIB.o
 .comment       0x00000030       0x31 main.o
 .comment       0x00000030       0x31 SEVENSEGMENT.o
 .comment       0x00000030       0x31 TMR0_program.o

.note.gnu.avr.deviceinfo
                0x00000000       0x3c
 .note.gnu.avr.deviceinfo
                0x00000000       0x3c E:/atmel studio setup/7.0/Packs/atmel/ATmega_DFP/1.2.150/gcc/dev/atmega32/avr5/crtatmega32.o

.note.gnu.build-id
 *(.note.gnu.build-id)

.debug
 *(.debug)

.line
 *(.line)

.debug_srcinfo
 *(.debug_srcinfo)

.debug_sfnames
 *(.debug_sfnames)

.debug_aranges  0x00000000      0x1f0
 *(.debug_aranges)
 .debug_aranges
                0x00000000       0x60 CLK.o
 .debug_aranges
                0x00000060       0x58 EXTI_FUNC.o
 .debug_aranges
                0x000000b8       0x28 get_pressed_key.o
 .debug_aranges
                0x000000e0       0x28 GI_FUNC.o
 .debug_aranges
                0x00000108       0x38 LCD_LIB.o
 .debug_aranges
                0x00000140       0x20 main.o
 .debug_aranges
                0x00000160       0x28 SEVENSEGMENT.o
 .debug_aranges
                0x00000188       0x68 TMR0_program.o

.debug_pubnames
 *(.debug_pubnames)

.debug_info     0x00000000     0x1db1
 *(.debug_info .gnu.linkonce.wi.*)
 .debug_info    0x00000000      0x4e6 E:/atmel studio setup/7.0/Packs/atmel/ATmega_DFP/1.2.150/gcc/dev/atmega32/avr5/crtatmega32.o
 .debug_info    0x000004e6      0xba2 CLK.o
 .debug_info    0x00001088      0x1f0 EXTI_FUNC.o
 .debug_info    0x00001278      0x16f get_pressed_key.o
 .debug_info    0x000013e7       0x56 GI_FUNC.o
 .debug_info    0x0000143d      0x435 LCD_LIB.o
 .debug_info    0x00001872      0x149 main.o
 .debug_info    0x000019bb      0x1c4 SEVENSEGMENT.o
 .debug_info    0x00001b7f      0x232 TMR0_program.o

.debug_abbrev   0x00000000      0xc3c
 *(.debug_abbrev)
 .debug_abbrev  0x00000000      0x4a3 E:/atmel studio setup/7.0/Packs/atmel/ATmega_DFP/1.2.150/gcc/dev/atmega32/avr5/crtatmega32.o
 .debug_abbrev  0x000004a3      0x238 CLK.o
 .debug_abbrev  0x000006db       0xb5 EXTI_FUNC.o
 .debug_abbrev  0x00000790      0x107 get_pressed_key.o
 .debug_abbrev  0x00000897       0x2e GI_FUNC.o
 .debug_abbrev  0x000008c5      0x163 LCD_LIB.o
 .debug_abbrev  0x00000a28       0x81 main.o
 .debug_abbrev  0x00000aa9       0xeb SEVENSEGMENT.o
 .debug_abbrev  0x00000b94       0xa8 TMR0_program.o

.debug_line     0x00000000     0x10cb
 *(.debug_line .debug_line.* .debug_line_end)
 .debug_line    0x00000000      0x115 E:/atmel studio setup/7.0/Packs/atmel/ATmega_DFP/1.2.150/gcc/dev/atmega32/avr5/crtatmega32.o
 .debug_line    0x00000115      0x5da CLK.o
 .debug_line    0x000006ef      0x20e EXTI_FUNC.o
 .debug_line    0x000008fd      0x1db get_pressed_key.o
 .debug_line    0x00000ad8       0x58 GI_FUNC.o
 .debug_line    0x00000b30      0x22e LCD_LIB.o
 .debug_line    0x00000d5e       0x9e main.o
 .debug_line    0x00000dfc      0x139 SEVENSEGMENT.o
 .debug_line    0x00000f35      0x196 TMR0_program.o

.debug_frame    0x00000000      0x4a4
 *(.debug_frame)
 .debug_frame   0x00000000       0xc8 CLK.o
 .debug_frame   0x000000c8      0x16c EXTI_FUNC.o
 .debug_frame   0x00000234       0x40 get_pressed_key.o
 .debug_frame   0x00000274       0x34 GI_FUNC.o
 .debug_frame   0x000002a8       0x60 LCD_LIB.o
 .debug_frame   0x00000308       0x24 main.o
 .debug_frame   0x0000032c       0x34 SEVENSEGMENT.o
 .debug_frame   0x00000360      0x144 TMR0_program.o

.debug_str      0x00000000      0x833
 *(.debug_str)
 .debug_str     0x00000000      0x196 E:/atmel studio setup/7.0/Packs/atmel/ATmega_DFP/1.2.150/gcc/dev/atmega32/avr5/crtatmega32.o
 .debug_str     0x00000196      0x367 CLK.o
                                0x3a5 (size before relaxing)
 .debug_str     0x000004fd       0xfd EXTI_FUNC.o
                                0x284 (size before relaxing)
 .debug_str     0x000005fa       0x29 get_pressed_key.o
                                0x1db (size before relaxing)
 .debug_str     0x00000623       0x1e GI_FUNC.o
                                0x114 (size before relaxing)
 .debug_str     0x00000641       0x38 LCD_LIB.o
                                0x1ff (size before relaxing)
 .debug_str     0x00000679       0x86 main.o
                                0x1ff (size before relaxing)
 .debug_str     0x000006ff       0x1c SEVENSEGMENT.o
                                0x1e2 (size before relaxing)
 .debug_str     0x0000071b      0x118 TMR0_program.o
                                0x2ea (size before relaxing)

.debug_loc      0x00000000     0x113e
 *(.debug_loc)
 .debug_loc     0x00000000      0x4a4 CLK.o
 .debug_loc     0x000004a4      0x3b6 EXTI_FUNC.o
 .debug_loc     0x0000085a      0x296 get_pressed_key.o
 .debug_loc     0x00000af0      0x3a6 LCD_LIB.o
 .debug_loc     0x00000e96      0x112 SEVENSEGMENT.o
 .debug_loc     0x00000fa8      0x196 TMR0_program.o

.debug_macinfo
 *(.debug_macinfo)

.debug_weaknames
 *(.debug_weaknames)

.debug_funcnames
 *(.debug_funcnames)

.debug_typenames
 *(.debug_typenames)

.debug_varnames
 *(.debug_varnames)

.debug_pubtypes
 *(.debug_pubtypes)

.debug_ranges   0x00000000      0x188
 *(.debug_ranges)
 .debug_ranges  0x00000000       0x50 CLK.o
 .debug_ranges  0x00000050       0x48 EXTI_FUNC.o
 .debug_ranges  0x00000098       0x30 get_pressed_key.o
 .debug_ranges  0x000000c8       0x18 GI_FUNC.o
 .debug_ranges  0x000000e0       0x28 LCD_LIB.o
 .debug_ranges  0x00000108       0x10 main.o
 .debug_ranges  0x00000118       0x18 SEVENSEGMENT.o
 .debug_ranges  0x00000130       0x58 TMR0_program.o

.debug_macro
 *(.debug_macro)
OUTPUT(REALTIME_CLOCK.elf elf32-avr)
LOAD linker stubs
